id,tool_id,action,actor,timestamp,payload
1,TL-100,checkout,u-tech,<timestamp>,work_order=WO-1
2,TL-100,return,u-tech,<timestamp>,condition=good
